// Jest Snapshot v1, https://goo.gl/fbAQLP

exports[`renders correctly 1`] = `
<div>
  <button
    disabled={false}
    onClick={[Function]}
    type="button"
  >
    <span>
      <div
        componentName="Formatted Message Component"
        defaultMessage="Sort"
        id="productSort.sortButton"
      />
    </span>
  </button>
</div>
`;
