// Jest Snapshot v1, https://goo.gl/fbAQLP

exports[`should render properly 1`] = `
<div>
  <div>
    <div
      componentName="Formatted Message Component"
      defaultMessage="Order Total"
      id="orderDetails.orderTotal"
    />
  </div>
  <div>
    <span>
      <div
        componentName="Formatted Message Component"
        defaultMessage="Subtotal"
        id="orderDetails.subtotal"
      />
    </span>
    <span>
      <span>
        $
      </span>
      <span>
        1
      </span>
      <span>
        ,
      </span>
      <span>
        234
      </span>
      <span>
        .
      </span>
      <span>
        00
      </span>
    </span>
  </div>
  <div>
    <span>
      <div
        componentName="Formatted Message Component"
        defaultMessage="Discount"
        id="orderDetails.discount"
      />
    </span>
    <span>
      <span>
        $
      </span>
      <span>
        123
      </span>
      <span>
        .
      </span>
      <span>
        00
      </span>
    </span>
  </div>
  <div>
    <span>
      <div
        componentName="Formatted Message Component"
        defaultMessage="Tax"
        id="orderDetails.tax"
      />
    </span>
    <span>
      <span>
        $
      </span>
      <span>
        34
      </span>
      <span>
        .
      </span>
      <span>
        00
      </span>
    </span>
  </div>
  <div>
    <span>
      <div
        componentName="Formatted Message Component"
        defaultMessage="Shipping"
        id="orderDetails.shipping"
      />
    </span>
    <span>
      <span>
        $
      </span>
      <span>
        12
      </span>
      <span>
        .
      </span>
      <span>
        00
      </span>
    </span>
  </div>
  <div>
    <span>
      <div
        componentName="Formatted Message Component"
        defaultMessage="Total"
        id="orderDetails.total"
      />
    </span>
    <span>
      <span>
        $
      </span>
      <span>
        1
      </span>
      <span>
        ,
      </span>
      <span>
        434
      </span>
      <span>
        .
      </span>
      <span>
        00
      </span>
    </span>
  </div>
</div>
`;
