// Jest Snapshot v1, https://goo.gl/fbAQLP

exports[`renders Option component correctly 1`] = `
<div
  className="root"
>
  <h3
    className="title"
  >
    <span>
      Foo
    </span>
  </h3>
  <i />
  <dl
    className="selection"
  >
    <dt
      className="selectionLabel"
    >
      <div
        componentName="Formatted Message Component"
        defaultMessage="Selected Foo:"
        id="productOptions.selectedLabel"
        values={
          Object {
            "label": "Foo",
          }
        }
      />
    </dt>
    <dd>
      None
    </dd>
  </dl>
</div>
`;
